
 /----------------------------------------------------------------------------\
 |  yosys -- Yosys Open SYnthesis Suite                                       |
 |  Copyright (C) 2012 - 2026  Claire Xenia Wolf <claire@yosyshq.com>         |
 |  Distributed under an ISC-like license, type "license" to see terms        |
 \----------------------------------------------------------------------------/
 Yosys 0.66+228 (git sha1 95b5e4360-dirty, Release, Clang /usr/local/osxcross/target/bin/aarch64-apple-darwin23.5-clang++ 18.1.8)

-- Executing script file `../model/design.ys' --

1. Executing Verilog-2005 frontend: Adder.sv
Parsing formal SystemVerilog input from `Adder.sv' to AST representation.
Generating RTLIL representation for module `\Adder'.
Successfully finished Verilog frontend.

2. Executing PREP pass.

2.1. Executing HIERARCHY pass (managing design hierarchy).

2.1.1. Analyzing design hierarchy..
Top module:  \Adder

2.1.2. Analyzing design hierarchy..
Top module:  \Adder
Removed 0 unused modules.
Module Adder directly or indirectly contains formal properties -> setting "keep" attribute.

2.2. Executing PROC pass (convert processes to netlists).

2.2.1. Executing PROC_CLEAN pass (remove empty switches from decision trees).
Cleaned up 0 empty switches.

2.2.2. Executing PROC_RMDEAD pass (remove dead branches from decision trees).
Removed a total of 0 dead cases.

2.2.3. Executing PROC_PRUNE pass (remove redundant assignments in processes).
Removed 0 redundant assignments.
Promoted 1 assignment to connection.

2.2.4. Executing PROC_INIT pass (extract init attributes).
Found init rule in `\Adder.$proc$Adder.sv:12$10'.
  Set init value: \hasBeenResetReg = 1'x

2.2.5. Executing PROC_ARST pass (detect async resets in processes).

2.2.6. Executing PROC_ROM pass (convert switches to ROMs).
Converted 0 switches.
<suppressed ~1 debug messages>

2.2.7. Executing PROC_MUX pass (convert decision trees to multiplexers).
Creating decoders for process `\Adder.$proc$Adder.sv:12$10'.
Creating decoders for process `\Adder.$proc$Adder.sv:14$2'.
     1/1: $0\hasBeenResetReg[0:0]

2.2.8. Executing PROC_DLATCH pass (convert process syncs to latches).

2.2.9. Executing PROC_DFF pass (convert process syncs to FFs).
Creating register for signal `\Adder.\hasBeenResetReg' using process `\Adder.$proc$Adder.sv:14$2'.
  created $dff cell `$procdff$13' with positive edge clock.

2.2.10. Executing PROC_MEMWR pass (convert process memory writes to cells).

2.2.11. Executing PROC_CLEAN pass (remove empty switches from decision trees).
Removing empty process `Adder.$proc$Adder.sv:12$10'.
Found and cleaned up 1 empty switch in `\Adder.$proc$Adder.sv:14$2'.
Removing empty process `Adder.$proc$Adder.sv:14$2'.
Cleaned up 1 empty switch.

2.2.12. Executing OPT_EXPR pass (perform const folding).
Optimizing module Adder.

2.3. Executing FUTURE pass.

2.4. Executing OPT_EXPR pass (perform const folding).
Optimizing module Adder.

2.5. Executing OPT_CLEAN pass (remove unused cells and wires).
Finding unused cells or wires in module \Adder..
Removed 6 unused cells and 11 unused wires.
<suppressed ~9 debug messages>

2.6. Executing CHECK pass (checking for obvious problems).
Checking module Adder...
Found and reported 0 problems.

2.7. Executing OPT pass (performing simple optimizations).

2.7.1. Executing OPT_EXPR pass (perform const folding).
Optimizing module Adder.

2.7.2. Executing OPT_MERGE pass (detect identical cells).
Finding identical cells in module `\Adder'.
Computing hashes of 4 cells of `\Adder'.
Finding duplicate cells in `\Adder'.
Removed a total of 0 cells.

2.7.3. Executing OPT_MUXTREE pass (detect dead branches in mux trees).
Running muxtree optimizer on module \Adder..
  Creating internal representation of mux trees.
  No muxes found in this module.
Removed 0 multiplexer ports.

2.7.4. Executing OPT_REDUCE pass (consolidate $*mux and $reduce_* inputs).
  Optimizing cells in module \Adder.
Performed a total of 0 changes.

2.7.5. Executing OPT_MERGE pass (detect identical cells).
Finding identical cells in module `\Adder'.
Computing hashes of 4 cells of `\Adder'.
Finding duplicate cells in `\Adder'.
Removed a total of 0 cells.

2.7.6. Executing OPT_CLEAN pass (remove unused cells and wires).
Finding unused cells or wires in module \Adder..

2.7.7. Executing OPT_EXPR pass (perform const folding).
Optimizing module Adder.

2.7.8. Finished fast OPT passes. (There is nothing left to do.)

2.8. Executing WREDUCE pass (reducing word size of cells).
Removed top 1 bits (of 9) from port A of cell Adder.$add$Adder.sv:10$1 ($add).
Removed top 1 bits (of 9) from port B of cell Adder.$add$Adder.sv:10$1 ($add).

2.9. Executing OPT_CLEAN pass (remove unused cells and wires).
Finding unused cells or wires in module \Adder..

2.10. Executing MEMORY_COLLECT pass (generating $mem cells).

2.11. Executing OPT pass (performing simple optimizations).

2.11.1. Executing OPT_EXPR pass (perform const folding).
Optimizing module Adder.

2.11.2. Executing OPT_MERGE pass (detect identical cells).
Finding identical cells in module `\Adder'.
Computing hashes of 4 cells of `\Adder'.
Finding duplicate cells in `\Adder'.
Computing hashes of 3 cells of `\Adder'.
Finding duplicate cells in `\Adder'.
<suppressed ~3 debug messages>
Removed a total of 1 cells.

2.11.3. Executing OPT_CLEAN pass (remove unused cells and wires).
Finding unused cells or wires in module \Adder..
Removed 0 unused cells and 1 unused wires.
<suppressed ~1 debug messages>

2.11.4. Finished fast OPT passes.

2.12. Executing SORT pass.

2.13. Printing statistics.

=== Adder ===

        +----------Local Count, excluding submodules.
        | 
        7 wires
       37 wire bits
        6 public wires
       36 public wire bits
        5 ports
       27 port bits
        3 cells
        1   $add
        1   $check
        1   $eq

2.14. Executing CHECK pass (checking for obvious problems).
Checking module Adder...
Found and reported 0 problems.

3. Executing HIERARCHY pass (managing design hierarchy).
Attribute `top' found on module `Adder'. Setting top module to Adder.

3.1. Analyzing design hierarchy..
Top module:  \Adder

3.2. Analyzing design hierarchy..
Top module:  \Adder
Removed 0 unused modules.
Module Adder directly or indirectly contains formal properties -> setting "keep" attribute.

4. Executing jny backend.

5. Executing RTLIL backend.
Output filename: ../model/design.il

End of script. Logfile hash: 9ee356453c, time: 0.07s, user: 0.01s, system: 0.02s, MEM: 17.91 MB peak
Yosys 0.66+228 (git sha1 95b5e4360-dirty, Release, Clang /usr/local/osxcross/target/bin/aarch64-apple-darwin23.5-clang++ 18.1.8)
Time spent: 32% 2x read_verilog (0 sec), 12% 3x opt_merge (0 sec), ...
