
 /----------------------------------------------------------------------------\
 |  yosys -- Yosys Open SYnthesis Suite                                       |
 |  Copyright (C) 2012 - 2026  Claire Xenia Wolf <claire@yosyshq.com>         |
 |  Distributed under an ISC-like license, type "license" to see terms        |
 \----------------------------------------------------------------------------/
 Yosys 0.66+228 (git sha1 95b5e4360-dirty, Release, Clang /usr/local/osxcross/target/bin/aarch64-apple-darwin23.5-clang++ 18.1.8)

-- Executing script file `design_smt2.ys' --

1. Executing RTLIL frontend.
Input filename: design_prep.il

2. Executing HIERARCHY pass (managing design hierarchy).
Attribute `top' found on module `Adder'. Setting top module to Adder.

2.1. Analyzing design hierarchy..
Top module:  \Adder

2.2. Analyzing design hierarchy..
Top module:  \Adder
Removed 0 unused modules.
Module Adder directly or indirectly contains formal properties -> setting "keep" attribute.

3. Executing FORMALFF pass.

4. Executing DFFUNMAP pass (unmap clock enable and synchronous reset from FFs).

5. Printing statistics.

=== Adder ===

        +----------Local Count, excluding submodules.
        | 
        6 wires
       36 wire bits
        6 public wires
       36 public wire bits
        5 ports
       27 port bits
        2 cells
        1   $add
        1   $assert

6. Executing SMT2 backend.

6.1. Executing BMUXMAP pass.

6.2. Executing DEMUXMAP pass.
Creating SMT-LIBv2 representation of module Adder.

End of script. Logfile hash: 497a884f80, time: 0.00s, user: 0.01s, system: 0.01s, MEM: 15.84 MB peak
Yosys 0.66+228 (git sha1 95b5e4360-dirty, Release, Clang /usr/local/osxcross/target/bin/aarch64-apple-darwin23.5-clang++ 18.1.8)
Time spent: 74% 2x write_smt2 (0 sec), 14% 2x read_rtlil (0 sec), ...
